// Jest Snapshot v1, https://goo.gl/fbAQLP

exports[`Test calculate function Testing that Calculator renders correctly 1`] = `
<DocumentFragment>
  <div
    class="main-section"
  >
    <h2>
      Lets do some Math
    </h2>
    <div
      class="main"
    >
      <div
        class="operand-input"
        data-testid="display"
      >
        0
      </div>
      <div
        class="buttons"
      >
        <div
          class="left-section"
        >
          <button
            class="ac"
            type="button"
          >
            AC
          </button>
          <button
            class="plusOrMinus"
            type="button"
          >
            +/-
          </button>
          <button
            class="modelus"
            type="button"
          >
            %
          </button>
          <button
            class="seven"
            type="button"
          >
            7
          </button>
          <button
            class="eight"
            type="button"
          >
            8
          </button>
          <button
            class="nine"
            type="button"
          >
            9
          </button>
          <button
            class="four"
            type="button"
          >
            4
          </button>
          <button
            class="five"
            type="button"
          >
            5
          </button>
          <button
            class="six"
            type="button"
          >
            6
          </button>
          <button
            class="1"
            type="button"
          >
            1
          </button>
          <button
            class="two"
            type="button"
          >
            2
          </button>
          <button
            class="three"
            type="button"
          >
            3
          </button>
          <button
            class="zero"
            type="button"
          >
            0
          </button>
          <button
            class="dot"
            type="button"
          >
            .
          </button>
        </div>
        <div
          class="right-section"
        >
          <button
            class="plus"
            type="button"
          >
            /
          </button>
          <button
            class="plus"
            type="button"
          >
            x
          </button>
          <button
            class="plus"
            type="button"
          >
            -
          </button>
          <button
            class="plus"
            type="button"
          >
            +
          </button>
          <button
            class="plus"
            type="button"
          >
            =
          </button>
        </div>
      </div>
    </div>
  </div>
</DocumentFragment>
`;
