// Jest Snapshot v1, https://goo.gl/fbAQLP

exports[`Testing Home, Quote, and Navigation components render correctly Rendering Home component 1`] = `
<DocumentFragment>
  <div
    class="home"
  >
    <h2>
      Welcome to our page
    </h2>
    <p>
      This technology allows students solve complicated problems quickly and in an efficient manner. Additionally, it can reduce the problem to simpler tasks and allows the student to devote more time in understanding the problem. Secondly, they are saved from monotonous calculations and the same boring mundane procedure.
    </p>
    <p>
      The above advantages help students to avoid boredom, and it does not demoralize their mathematical understanding. If mathematics is not made entertaining, pupils can feel bored, and it can demoralize their mathematical understanding. The importance of this helpful tool was known in the early times. At that time, early men use bones, pebbles and other objects to tally the calculations. But, it was very limited in nature. So, when the first mainframe computers came into existence. It was using vacuum tubes and transistors. That leads to stepping stones to develop an electronic calculator.
    </p>
  </div>
</DocumentFragment>
`;
